// Jest Snapshot v1, https://goo.gl/fbAQLP

exports[`Page renders correctly 1`] = `
<div
  className="container"
>
  <Section
    components={
      Array [
        Object {
          "fields": Object {
            "componentDescription": "This is a test component",
            "contentType": "Test Component",
            "name": "TestComponent",
            "props": Array [
              Object {
                "fields": Object {
                  "name": "title",
                  "value": "This is a test title",
                },
                "sys": Object {
                  "contentType": Object {
                    "sys": Object {
                      "id": "propText",
                    },
                  },
                  "id": "74gEMnRKSOxejniOwjkHYN",
                },
              },
              Object {
                "fields": Object {
                  "name": "children",
                  "value": Array [
                    Object {
                      "fields": Object {
                        "componentDescription": "This is a child component",
                        "contentType": "Test Component",
                        "name": "ChildComponent",
                      },
                      "sys": Object {
                        "contentType": Object {
                          "sys": Object {
                            "id": "component",
                          },
                        },
                        "id": "4gfjlQfm3x9ShZKO8gdYqx",
                      },
                    },
                  ],
                },
                "sys": Object {
                  "contentType": Object {
                    "sys": Object {
                      "id": "propComponents",
                    },
                  },
                  "id": "3hwiQ7OcvmctEdQPye6exu",
                },
              },
              Object {
                "fields": Object {
                  "name": "markdownField",
                  "value": "Test value",
                },
                "sys": Object {
                  "contentType": Object {
                    "sys": Object {
                      "id": "propMarkdown",
                    },
                  },
                  "id": "1RezpPBXf2buGYIccqQw0i",
                },
              },
            ],
          },
          "sys": Object {
            "contentType": Object {
              "sys": Object {
                "id": "component",
              },
            },
            "id": "6neuJJsr2mbdKli0VjWnCn",
          },
        },
      ]
    }
    key="sectionId"
    name="Main Section"
  />
</div>
`;

exports[`Page renders correctly with default props 1`] = `
<div
  className="container"
/>
`;
