// Jest Snapshot v1, https://goo.gl/fbAQLP

exports[`TopMenu renders correctly 1`] = `
<nav
  className="menu"
>
  <ul>
    <li
      className="activeItem"
      key="/"
    >
      <a
        href="/"
      >
        Home
      </a>
    </li>
    <li
      className=""
      key="/blog"
    >
      <a
        href="/blog"
      >
        Blog
      </a>
    </li>
    <li
      className=""
      key="/resume"
    >
      <a
        href="/resume"
      >
        Resume
      </a>
      <SubMenu
        submenu={
          Array [
            Object {
              "name": "Education",
              "submenu": undefined,
              "url": "/resume/education",
            },
            Object {
              "name": "Work Experience",
              "submenu": undefined,
              "url": "/resume/work-experience",
            },
          ]
        }
      />
    </li>
    <li
      className=""
      key="/portfolio"
    >
      <a
        href="/portfolio"
      >
        Portfolio
      </a>
    </li>
    <li
      className=""
      key="/about"
    >
      <a
        href="/about"
      >
        About
      </a>
    </li>
    <li
      className=""
      key="http://www.google.com"
    >
      <a
        href="http://www.google.com"
      >
        Menu - DCR.IO External link
      </a>
    </li>
    <li
      className=""
      key="http://www.google.com"
    >
      <a
        href="http://www.google.com"
      >
        Google
      </a>
    </li>
  </ul>
</nav>
`;

exports[`TopMenu renders correctly when submenu item selected 1`] = `
<nav
  className="menu"
>
  <ul>
    <li
      className=""
      key="/"
    >
      <a
        href="/"
      >
        Home
      </a>
    </li>
    <li
      className=""
      key="/blog"
    >
      <a
        href="/blog"
      >
        Blog
      </a>
    </li>
    <li
      className="activeItem"
      key="/resume"
    >
      <a
        href="/resume"
      >
        Resume
      </a>
      <SubMenu
        submenu={
          Array [
            Object {
              "name": "Education",
              "submenu": undefined,
              "url": "/resume/education",
            },
            Object {
              "name": "Work Experience",
              "submenu": undefined,
              "url": "/resume/work-experience",
            },
          ]
        }
      />
    </li>
    <li
      className=""
      key="/portfolio"
    >
      <a
        href="/portfolio"
      >
        Portfolio
      </a>
    </li>
    <li
      className=""
      key="/about"
    >
      <a
        href="/about"
      >
        About
      </a>
    </li>
    <li
      className=""
      key="http://www.google.com"
    >
      <a
        href="http://www.google.com"
      >
        Menu - DCR.IO External link
      </a>
    </li>
    <li
      className=""
      key="http://www.google.com"
    >
      <a
        href="http://www.google.com"
      >
        Google
      </a>
    </li>
  </ul>
</nav>
`;

exports[`TopMenu renders correctly with default props 1`] = `
<nav
  className="menu"
>
  <ul />
</nav>
`;
